=== 測試日誌檔案 ===
這是一個測試日誌檔案
